2026-07-19T19:43:43.791+08:00 [WebSocket业务][发送] session=1784461423712746000 seq=1 id=10010 业务=开始登录，载荷=1169 字节
2026-07-19T19:43:43.829+08:00 [WebSocket业务][返回] session=1784461423712746000 seq=2 id=10012 业务=登录成功，载荷=10 字节
2026-07-19T19:43:43.830+08:00 [WebSocket业务][返回] session=1784461423712746000 seq=3 id=10090 业务=获取会话密码，载荷=26 字节
2026-07-19T19:43:45.480+08:00 [WebSocket业务][返回] session=1784461423712746000 seq=4 id=10490 业务=同步游戏数据，载荷=203306 字节
2026-07-19T19:43:45.790+08:00 [WebSocket业务][返回] session=1784461423712746000 seq=5 id=10022 业务=登录完成，载荷=6 字节
2026-07-19T19:43:48.120+08:00 [WebSocket业务][发送] session=1784461423712746000 seq=6 id=21100 业务=查询竞技场，载荷=0 字节
2026-07-19T19:43:48.224+08:00 [WebSocket业务][返回] session=1784461423712746000 seq=7 id=21100 业务=查询竞技场，载荷=127 字节
2026-07-19T19:43:48.225+08:00 [WebSocket业务][发送] session=1784461423712746000 seq=8 id=21104 业务=挑战竞技场对手，载荷=2 字节
2026-07-19T19:43:48.289+08:00 [WebSocket业务][返回] session=1784461423712746000 seq=9 id=21104 业务=挑战竞技场对手，载荷=2896 字节
2026-07-19T19:43:48.308+08:00 [WebSocket业务][返回] session=1784461423712746000 seq=10 id=18002 业务=获取战斗信息，载荷=1558 字节
2026-07-19T19:43:48.512+08:00 [WebSocket业务][发送] session=1784461423712746000 seq=11 id=18010 业务=请求开始战斗，载荷=131 字节
2026-07-19T19:43:48.593+08:00 [WebSocket业务][返回] session=1784461423712746000 seq=12 id=18012 业务=战斗开始，载荷=3388 字节
2026-07-19T19:43:48.594+08:00 [WebSocket业务][发送] session=1784461423712746000 seq=13 id=18100 业务=设置战斗速度，载荷=2 字节
2026-07-19T19:43:48.594+08:00 [WebSocket业务][发送] session=1784461423712746000 seq=14 id=18110 业务=设置自动角色技能，载荷=2 字节
2026-07-19T19:43:48.594+08:00 [WebSocket业务][发送] session=1784461423712746000 seq=15 id=18114 业务=设置自动圣物技能，载荷=2 字节
2026-07-19T19:43:48.631+08:00 [WebSocket业务][返回] session=1784461423712746000 seq=16 id=18102 业务=确认战斗速度，载荷=4 字节
2026-07-19T19:43:48.665+08:00 [WebSocket业务][返回] session=1784461423712746000 seq=17 id=18112 业务=确认自动角色技能，载荷=4 字节
2026-07-19T19:43:53.104+08:00 [WebSocket业务][返回] session=1784461423712746000 seq=18 id=18502 业务=校验战斗帧，载荷=32 字节
2026-07-19T19:43:57.649+08:00 [WebSocket业务][返回] session=1784461423712746000 seq=19 id=18502 业务=校验战斗帧，载荷=33 字节
2026-07-19T19:44:00.587+08:00 [WebSocket业务][返回] session=1784461423712746000 seq=20 id=21106 业务=竞技场挑战结算，载荷=11 字节
2026-07-19T19:44:00.589+08:00 [WebSocket业务][发送] session=1784461423712746000 seq=21 id=21108 业务=竞技场胜利抉择，载荷=2 字节
2026-07-19T19:44:00.612+08:00 [WebSocket业务][返回] session=1784461423712746000 seq=22 id=18090 业务=战斗结束，载荷=435 字节
2026-07-19T19:44:00.625+08:00 [WebSocket业务][返回] session=1784461423712746000 seq=23 id=21108 业务=竞技场胜利抉择，载荷=23 字节
2026-07-19T19:44:01.629+08:00 [WebSocket业务][发送] session=1784461423712746000 seq=24 id=21100 业务=查询竞技场，载荷=0 字节
2026-07-19T19:44:01.669+08:00 [WebSocket业务][返回] session=1784461423712746000 seq=25 id=21100 业务=查询竞技场，载荷=130 字节
2026-07-19T19:44:01.670+08:00 [WebSocket业务][发送] session=1784461423712746000 seq=26 id=21104 业务=挑战竞技场对手，载荷=2 字节
2026-07-19T19:44:01.749+08:00 [WebSocket业务][返回] session=1784461423712746000 seq=27 id=21104 业务=挑战竞技场对手，载荷=2931 字节
2026-07-19T19:44:01.771+08:00 [WebSocket业务][返回] session=1784461423712746000 seq=28 id=18002 业务=获取战斗信息，载荷=1543 字节
2026-07-19T19:44:01.881+08:00 [WebSocket业务][发送] session=1784461423712746000 seq=29 id=18010 业务=请求开始战斗，载荷=131 字节
2026-07-19T19:44:01.967+08:00 [WebSocket业务][返回] session=1784461423712746000 seq=30 id=18012 业务=战斗开始，载荷=3375 字节
2026-07-19T19:44:01.968+08:00 [WebSocket业务][发送] session=1784461423712746000 seq=31 id=18100 业务=设置战斗速度，载荷=2 字节
2026-07-19T19:44:01.968+08:00 [WebSocket业务][发送] session=1784461423712746000 seq=32 id=18110 业务=设置自动角色技能，载荷=2 字节
2026-07-19T19:44:01.969+08:00 [WebSocket业务][发送] session=1784461423712746000 seq=33 id=18114 业务=设置自动圣物技能，载荷=2 字节
2026-07-19T19:44:02.003+08:00 [WebSocket业务][返回] session=1784461423712746000 seq=34 id=18102 业务=确认战斗速度，载荷=4 字节
2026-07-19T19:44:02.039+08:00 [WebSocket业务][返回] session=1784461423712746000 seq=35 id=18112 业务=确认自动角色技能，载荷=4 字节
2026-07-19T19:44:06.474+08:00 [WebSocket业务][返回] session=1784461423712746000 seq=36 id=18502 业务=校验战斗帧，载荷=32 字节
2026-07-19T19:44:11.019+08:00 [WebSocket业务][返回] session=1784461423712746000 seq=37 id=18502 业务=校验战斗帧，载荷=33 字节
2026-07-19T19:44:15.562+08:00 [WebSocket业务][返回] session=1784461423712746000 seq=38 id=18502 业务=校验战斗帧，载荷=33 字节
2026-07-19T19:44:20.107+08:00 [WebSocket业务][返回] session=1784461423712746000 seq=39 id=18502 业务=校验战斗帧，载荷=33 字节
2026-07-19T19:44:24.654+08:00 [WebSocket业务][返回] session=1784461423712746000 seq=40 id=18502 业务=校验战斗帧，载荷=33 字节
2026-07-19T19:44:26.287+08:00 [WebSocket业务][返回] session=1784461423712746000 seq=41 id=21106 业务=竞技场挑战结算，载荷=11 字节
2026-07-19T19:44:26.289+08:00 [WebSocket业务][发送] session=1784461423712746000 seq=42 id=21108 业务=竞技场胜利抉择，载荷=2 字节
2026-07-19T19:44:26.312+08:00 [WebSocket业务][返回] session=1784461423712746000 seq=43 id=18090 业务=战斗结束，载荷=433 字节
2026-07-19T19:44:26.327+08:00 [WebSocket业务][返回] session=1784461423712746000 seq=44 id=21108 业务=竞技场胜利抉择，载荷=23 字节
2026-07-19T19:44:27.331+08:00 [WebSocket业务][发送] session=1784461423712746000 seq=45 id=21100 业务=查询竞技场，载荷=0 字节
2026-07-19T19:44:27.374+08:00 [WebSocket业务][返回] session=1784461423712746000 seq=46 id=21100 业务=查询竞技场，载荷=132 字节
2026-07-19T19:44:27.376+08:00 [WebSocket业务][发送] session=1784461423712746000 seq=47 id=21104 业务=挑战竞技场对手，载荷=2 字节
2026-07-19T19:44:27.461+08:00 [WebSocket业务][返回] session=1784461423712746000 seq=48 id=21104 业务=挑战竞技场对手，载荷=3245 字节
2026-07-19T19:44:27.484+08:00 [WebSocket业务][返回] session=1784461423712746000 seq=49 id=18002 业务=获取战斗信息，载荷=1610 字节
2026-07-19T19:44:27.578+08:00 [WebSocket业务][发送] session=1784461423712746000 seq=50 id=18010 业务=请求开始战斗，载荷=131 字节
2026-07-19T19:44:27.661+08:00 [WebSocket业务][返回] session=1784461423712746000 seq=51 id=18012 业务=战斗开始，载荷=3436 字节
2026-07-19T19:44:27.661+08:00 [WebSocket业务][发送] session=1784461423712746000 seq=52 id=18100 业务=设置战斗速度，载荷=2 字节
2026-07-19T19:44:27.662+08:00 [WebSocket业务][发送] session=1784461423712746000 seq=53 id=18110 业务=设置自动角色技能，载荷=2 字节
2026-07-19T19:44:27.662+08:00 [WebSocket业务][发送] session=1784461423712746000 seq=54 id=18114 业务=设置自动圣物技能，载荷=2 字节
2026-07-19T19:44:27.696+08:00 [WebSocket业务][返回] session=1784461423712746000 seq=55 id=18102 业务=确认战斗速度，载荷=4 字节
2026-07-19T19:44:27.730+08:00 [WebSocket业务][返回] session=1784461423712746000 seq=56 id=18112 业务=确认自动角色技能，载荷=4 字节
2026-07-19T19:44:32.230+08:00 [WebSocket业务][返回] session=1784461423712746000 seq=57 id=18502 业务=校验战斗帧，载荷=32 字节
2026-07-19T19:44:36.735+08:00 [WebSocket业务][返回] session=1784461423712746000 seq=58 id=18502 业务=校验战斗帧，载荷=33 字节
2026-07-19T19:44:41.257+08:00 [WebSocket业务][返回] session=1784461423712746000 seq=59 id=18502 业务=校验战斗帧，载荷=33 字节
2026-07-19T19:44:45.850+08:00 [WebSocket业务][返回] session=1784461423712746000 seq=60 id=18502 业务=校验战斗帧，载荷=33 字节
2026-07-19T19:44:50.350+08:00 [WebSocket业务][返回] session=1784461423712746000 seq=61 id=18502 业务=校验战斗帧，载荷=33 字节
2026-07-19T19:44:54.963+08:00 [WebSocket业务][返回] session=1784461423712746000 seq=62 id=18502 业务=校验战斗帧，载荷=33 字节
2026-07-19T19:44:59.442+08:00 [WebSocket业务][返回] session=1784461423712746000 seq=63 id=18502 业务=校验战斗帧，载荷=33 字节
2026-07-19T19:45:01.303+08:00 [WebSocket业务][返回] session=1784461423712746000 seq=64 id=21106 业务=竞技场挑战结算，载荷=2 字节
2026-07-19T19:45:01.328+08:00 [WebSocket业务][返回] session=1784461423712746000 seq=65 id=18090 业务=战斗结束，载荷=444 字节
2026-07-19T19:45:01.329+08:00 [WebSocket业务][发送] session=1784461423712746000 seq=66 id=21100 业务=查询竞技场，载荷=0 字节
2026-07-19T19:45:01.364+08:00 [WebSocket业务][返回] session=1784461423712746000 seq=67 id=21100 业务=查询竞技场，载荷=26 字节
